{"level":"http","message":"GET /?hub.mode=subscribe&hub.challenge=1001096509&hub.verify_token=0715369733"}
{"level":"http","message":"GET /webhook?hub.mode=subscribe&hub.challenge=661115528&hub.verify_token=0715369733"}
{"level":"warn","message":"Webhook verification failed","meta":{"mode":"subscribe","token":"0715369733"}}
{"level":"error","message":"Webhook verification failed","meta":{"method":"GET","path":"/webhook?hub.mode=subscribe&hub.challenge=661115528&hub.verify_token=0715369733","stack":"Error: Webhook verification failed\n    at file:///home/jj/repo/whatsapp-outreach/src/controllers/webhookController.js:26:9\n    at file:///home/jj/repo/whatsapp-outreach/src/utils/catchAsync.js:4:21\n    at Layer.handleRequest (/home/jj/repo/whatsapp-outreach/node_modules/router/lib/layer.js:152:17)\n    at next (/home/jj/repo/whatsapp-outreach/node_modules/router/lib/route.js:157:13)\n    at Route.dispatch (/home/jj/repo/whatsapp-outreach/node_modules/router/lib/route.js:117:3)\n    at handle (/home/jj/repo/whatsapp-outreach/node_modules/router/index.js:435:11)\n    at Layer.handleRequest (/home/jj/repo/whatsapp-outreach/node_modules/router/lib/layer.js:152:17)\n    at /home/jj/repo/whatsapp-outreach/node_modules/router/index.js:295:15\n    at processParams (/home/jj/repo/whatsapp-outreach/node_modules/router/index.js:582:12)\n    at next (/home/jj/repo/whatsapp-outreach/node_modules/router/index.js:291:5)","statusCode":403}}
{"level":"http","message":"GET /webhook?hub.mode=subscribe&hub.verify_token=0715369733&hub.challenge=12345"}
{"level":"warn","message":"Webhook verification failed","meta":{"mode":"subscribe","token":"0715369733"}}
{"level":"error","message":"Webhook verification failed","meta":{"method":"GET","path":"/webhook?hub.mode=subscribe&hub.verify_token=0715369733&hub.challenge=12345","stack":"Error: Webhook verification failed\n    at file:///home/jj/repo/whatsapp-outreach/src/controllers/webhookController.js:26:9\n    at file:///home/jj/repo/whatsapp-outreach/src/utils/catchAsync.js:4:21\n    at Layer.handleRequest (/home/jj/repo/whatsapp-outreach/node_modules/router/lib/layer.js:152:17)\n    at next (/home/jj/repo/whatsapp-outreach/node_modules/router/lib/route.js:157:13)\n    at Route.dispatch (/home/jj/repo/whatsapp-outreach/node_modules/router/lib/route.js:117:3)\n    at handle (/home/jj/repo/whatsapp-outreach/node_modules/router/index.js:435:11)\n    at Layer.handleRequest (/home/jj/repo/whatsapp-outreach/node_modules/router/lib/layer.js:152:17)\n    at /home/jj/repo/whatsapp-outreach/node_modules/router/index.js:295:15\n    at processParams (/home/jj/repo/whatsapp-outreach/node_modules/router/index.js:582:12)\n    at next (/home/jj/repo/whatsapp-outreach/node_modules/router/index.js:291:5)","statusCode":403}}
{"level":"http","message":"GET /webhook?hub.mode=subscribe&hub.challenge=282750528&hub.verify_token=0715369733"}
{"level":"info","message":"Webhook verified successfully"}
{"level":"http","message":"GET /campaign/send"}
{"level":"http","message":"POST /campaign/send"}
{"level":"error","message":"Cannot destructure property 'agencyName' of 'req.body' as it is undefined.","meta":{"method":"POST","path":"/campaign/send","stack":"TypeError: Cannot destructure property 'agencyName' of 'req.body' as it is undefined.\n    at file:///home/jj/repo/whatsapp-outreach/src/controllers/campaignController.js:12:11\n    at file:///home/jj/repo/whatsapp-outreach/src/utils/catchAsync.js:4:21\n    at Layer.handleRequest (/home/jj/repo/whatsapp-outreach/node_modules/router/lib/layer.js:152:17)\n    at next (/home/jj/repo/whatsapp-outreach/node_modules/router/lib/route.js:157:13)\n    at Route.dispatch (/home/jj/repo/whatsapp-outreach/node_modules/router/lib/route.js:117:3)\n    at handle (/home/jj/repo/whatsapp-outreach/node_modules/router/index.js:435:11)\n    at Layer.handleRequest (/home/jj/repo/whatsapp-outreach/node_modules/router/lib/layer.js:152:17)\n    at /home/jj/repo/whatsapp-outreach/node_modules/router/index.js:295:15\n    at processParams (/home/jj/repo/whatsapp-outreach/node_modules/router/index.js:582:12)\n    at next (/home/jj/repo/whatsapp-outreach/node_modules/router/index.js:291:5)","statusCode":500}}
{"level":"http","message":"POST /campaign/send"}
{"level":"info","message":"Campaign started","meta":{"agencyName":"MyAgency"}}
{"level":"debug","message":"Sending WhatsApp intro","meta":{"contactId":"361f9797-7586-4cbd-9f94-31afcae08e74","phone":"254715369733"}}
{"level":"error","message":"axios is not defined","meta":{"method":"POST","path":"/campaign/send","stack":"ReferenceError: axios is not defined\n    at sendHelloWorldTemplate (file:///home/jj/repo/whatsapp-outreach/src/services/whatsappService.js:35:3)\n    at file:///home/jj/repo/whatsapp-outreach/src/controllers/campaignController.js:40:11\n    at process.processTicksAndRejections (node:internal/process/task_queues:105:5)","statusCode":500}}
{"level":"http","message":"POST /campaign/send"}
{"level":"info","message":"Campaign started","meta":{"agencyName":"MyAgency"}}
{"level":"debug","message":"Sending WhatsApp intro","meta":{"contactId":"361f9797-7586-4cbd-9f94-31afcae08e74","phone":"254715369733"}}
{"level":"error","message":"Request failed with status code 401","meta":{"method":"POST","path":"/campaign/send","stack":"AxiosError: Request failed with status code 401\n    at settle (file:///home/jj/repo/whatsapp-outreach/node_modules/axios/lib/core/settle.js:19:12)\n    at BrotliDecompress.handleStreamEnd (file:///home/jj/repo/whatsapp-outreach/node_modules/axios/lib/adapters/http.js:793:11)\n    at BrotliDecompress.emit (node:events:518:28)\n    at endReadableNT (node:internal/streams/readable:1698:12)\n    at process.processTicksAndRejections (node:internal/process/task_queues:90:21)\n    at Axios.request (file:///home/jj/repo/whatsapp-outreach/node_modules/axios/lib/core/Axios.js:45:41)\n    at process.processTicksAndRejections (node:internal/process/task_queues:105:5)\n    at async file:///home/jj/repo/whatsapp-outreach/src/controllers/campaignController.js:40:5","statusCode":500}}
{"level":"http","message":"POST /campaign/send"}
{"level":"info","message":"Campaign started","meta":{"agencyName":"MyAgency"}}
{"level":"debug","message":"Sending WhatsApp intro","meta":{"contactId":"361f9797-7586-4cbd-9f94-31afcae08e74","phone":"254715369733"}}
{"level":"error","message":"Request failed with status code 401","meta":{"method":"POST","path":"/campaign/send","stack":"AxiosError: Request failed with status code 401\n    at settle (file:///home/jj/repo/whatsapp-outreach/node_modules/axios/lib/core/settle.js:19:12)\n    at BrotliDecompress.handleStreamEnd (file:///home/jj/repo/whatsapp-outreach/node_modules/axios/lib/adapters/http.js:793:11)\n    at BrotliDecompress.emit (node:events:518:28)\n    at endReadableNT (node:internal/streams/readable:1698:12)\n    at process.processTicksAndRejections (node:internal/process/task_queues:90:21)\n    at Axios.request (file:///home/jj/repo/whatsapp-outreach/node_modules/axios/lib/core/Axios.js:45:41)\n    at process.processTicksAndRejections (node:internal/process/task_queues:105:5)\n    at async file:///home/jj/repo/whatsapp-outreach/src/controllers/campaignController.js:40:5","statusCode":500}}
{"level":"http","message":"POST /campaign/send"}
{"level":"info","message":"Campaign started","meta":{"agencyName":"MyAgency"}}
{"level":"debug","message":"Sending WhatsApp intro","meta":{"contactId":"361f9797-7586-4cbd-9f94-31afcae08e74","phone":"254715369733"}}
{"level":"error","message":"Request failed with status code 404","meta":{"method":"POST","path":"/campaign/send","stack":"AxiosError: Request failed with status code 404\n    at settle (file:///home/jj/repo/whatsapp-outreach/node_modules/axios/lib/core/settle.js:19:12)\n    at BrotliDecompress.handleStreamEnd (file:///home/jj/repo/whatsapp-outreach/node_modules/axios/lib/adapters/http.js:793:11)\n    at BrotliDecompress.emit (node:events:518:28)\n    at endReadableNT (node:internal/streams/readable:1698:12)\n    at process.processTicksAndRejections (node:internal/process/task_queues:90:21)\n    at Axios.request (file:///home/jj/repo/whatsapp-outreach/node_modules/axios/lib/core/Axios.js:45:41)\n    at process.processTicksAndRejections (node:internal/process/task_queues:105:5)\n    at async file:///home/jj/repo/whatsapp-outreach/src/controllers/campaignController.js:40:5","statusCode":500}}
{"level":"http","message":"POST /campaign/send"}
{"level":"info","message":"Campaign started","meta":{"agencyName":"MyAgency"}}
{"level":"debug","message":"Sending WhatsApp intro","meta":{"contactId":"361f9797-7586-4cbd-9f94-31afcae08e74","phone":"254715369733"}}
{"level":"error","message":"Request failed with status code 404","meta":{"method":"POST","path":"/campaign/send","stack":"AxiosError: Request failed with status code 404\n    at settle (file:///home/jj/repo/whatsapp-outreach/node_modules/axios/lib/core/settle.js:19:12)\n    at BrotliDecompress.handleStreamEnd (file:///home/jj/repo/whatsapp-outreach/node_modules/axios/lib/adapters/http.js:793:11)\n    at BrotliDecompress.emit (node:events:518:28)\n    at endReadableNT (node:internal/streams/readable:1698:12)\n    at process.processTicksAndRejections (node:internal/process/task_queues:90:21)\n    at Axios.request (file:///home/jj/repo/whatsapp-outreach/node_modules/axios/lib/core/Axios.js:45:41)\n    at process.processTicksAndRejections (node:internal/process/task_queues:105:5)\n    at async file:///home/jj/repo/whatsapp-outreach/src/controllers/campaignController.js:40:5","statusCode":500}}
{"level":"http","message":"POST /campaign/send"}
{"level":"info","message":"Campaign started","meta":{"agencyName":"MyAgency"}}
{"level":"debug","message":"Sending WhatsApp intro","meta":{"contactId":"361f9797-7586-4cbd-9f94-31afcae08e74","phone":"254715369733"}}
{"level":"error","message":"Request failed with status code 404","meta":{"method":"POST","path":"/campaign/send","stack":"AxiosError: Request failed with status code 404\n    at settle (file:///home/jj/repo/whatsapp-outreach/node_modules/axios/lib/core/settle.js:19:12)\n    at BrotliDecompress.handleStreamEnd (file:///home/jj/repo/whatsapp-outreach/node_modules/axios/lib/adapters/http.js:793:11)\n    at BrotliDecompress.emit (node:events:518:28)\n    at endReadableNT (node:internal/streams/readable:1698:12)\n    at process.processTicksAndRejections (node:internal/process/task_queues:90:21)\n    at Axios.request (file:///home/jj/repo/whatsapp-outreach/node_modules/axios/lib/core/Axios.js:45:41)\n    at process.processTicksAndRejections (node:internal/process/task_queues:105:5)\n    at async file:///home/jj/repo/whatsapp-outreach/src/controllers/campaignController.js:40:5","statusCode":500}}
{"level":"http","message":"POST /campaign/send"}
{"level":"info","message":"Campaign started","meta":{"agencyName":"MyAgency"}}
{"level":"debug","message":"Sending WhatsApp intro","meta":{"contactId":"361f9797-7586-4cbd-9f94-31afcae08e74","phone":"254715369733"}}
{"level":"error","message":"\nInvalid `prisma.contact.update()` invocation:\n\n{\n  where: {\n    id: \"361f9797-7586-4cbd-9f94-31afcae08e74\"\n  },\n  data: {\n    status: \"INTRO_SENT\",\n    last_message_at: new Date(\"2026-01-22T11:38:58.399Z\"),\n    ~~~~~~~~~~~~~~~\n?   id?: String | StringFieldUpdateOperationsInput,\n?   name?: String | StringFieldUpdateOperationsInput,\n?   phone?: String | StringFieldUpdateOperationsInput,\n?   email?: String | NullableStringFieldUpdateOperationsInput | Null,\n?   consent?: Boolean | BoolFieldUpdateOperationsInput,\n?   converted?: Boolean | BoolFieldUpdateOperationsInput,\n?   samplesSentAt?: DateTime | NullableDateTimeFieldUpdateOperationsInput | Null,\n?   followUpSentAt?: DateTime | NullableDateTimeFieldUpdateOperationsInput | Null,\n?   createdAt?: DateTime | DateTimeFieldUpdateOperationsInput,\n?   updatedAt?: DateTime | DateTimeFieldUpdateOperationsInput,\n?   salesRep?: SalesRepUpdateOneWithoutContactsNestedInput,\n?   messages?: MessageUpdateManyWithoutContactNestedInput,\n?   campaigns?: CampaignContactUpdateManyWithoutContactNestedInput\n  }\n}\n\nUnknown argument `last_message_at`. Available options are marked with ?.","meta":{"method":"POST","path":"/campaign/send","stack":"PrismaClientValidationError: \nInvalid `prisma.contact.update()` invocation:\n\n{\n  where: {\n    id: \"361f9797-7586-4cbd-9f94-31afcae08e74\"\n  },\n  data: {\n    status: \"INTRO_SENT\",\n    last_message_at: new Date(\"2026-01-22T11:38:58.399Z\"),\n    ~~~~~~~~~~~~~~~\n?   id?: String | StringFieldUpdateOperationsInput,\n?   name?: String | StringFieldUpdateOperationsInput,\n?   phone?: String | StringFieldUpdateOperationsInput,\n?   email?: String | NullableStringFieldUpdateOperationsInput | Null,\n?   consent?: Boolean | BoolFieldUpdateOperationsInput,\n?   converted?: Boolean | BoolFieldUpdateOperationsInput,\n?   samplesSentAt?: DateTime | NullableDateTimeFieldUpdateOperationsInput | Null,\n?   followUpSentAt?: DateTime | NullableDateTimeFieldUpdateOperationsInput | Null,\n?   createdAt?: DateTime | DateTimeFieldUpdateOperationsInput,\n?   updatedAt?: DateTime | DateTimeFieldUpdateOperationsInput,\n?   salesRep?: SalesRepUpdateOneWithoutContactsNestedInput,\n?   messages?: MessageUpdateManyWithoutContactNestedInput,\n?   campaigns?: CampaignContactUpdateManyWithoutContactNestedInput\n  }\n}\n\nUnknown argument `last_message_at`. Available options are marked with ?.\n    at tr (/home/jj/repo/whatsapp-outreach/node_modules/@prisma/client/runtime/client.js:10:1379)\n    at qr.handleRequestError (/home/jj/repo/whatsapp-outreach/node_modules/@prisma/client/runtime/client.js:65:7815)\n    at qr.handleAndLogRequestError (/home/jj/repo/whatsapp-outreach/node_modules/@prisma/client/runtime/client.js:65:7467)\n    at qr.request (/home/jj/repo/whatsapp-outreach/node_modules/@prisma/client/runtime/client.js:65:7174)\n    at process.processTicksAndRejections (node:internal/process/task_queues:105:5)\n    at async a (/home/jj/repo/whatsapp-outreach/node_modules/@prisma/client/runtime/client.js:75:5816)\n    at async file:///home/jj/repo/whatsapp-outreach/src/controllers/campaignController.js:44:5","statusCode":500}}
{"level":"http","message":"POST /campaign/send"}
{"level":"info","message":"Campaign started","meta":{"agencyName":"MyAgency"}}
{"level":"debug","message":"Sending WhatsApp intro","meta":{"contactId":"361f9797-7586-4cbd-9f94-31afcae08e74","phone":"254715369733"}}
{"level":"info","message":"Campaign completed","meta":{"sent":1}}
{"level":"http","message":"POST /campaign/send"}
{"level":"info","message":"Campaign started","meta":{"agencyName":"MyAgency"}}
{"level":"info","message":"No NEW contacts found"}
{"level":"error","message":"No new contacts available","meta":{"method":"POST","path":"/campaign/send","stack":"Error: No new contacts available\n    at file:///home/jj/repo/whatsapp-outreach/src/controllers/campaignController.js:28:11\n    at process.processTicksAndRejections (node:internal/process/task_queues:105:5)","statusCode":404}}
{"level":"http","message":"POST /campaign/send"}
{"level":"info","message":"Campaign started","meta":{"agencyName":"MyAgency"}}
{"level":"debug","message":"Sending WhatsApp intro","meta":{"contactId":"290973b1-f221-45ec-830a-9ab738fd5c34","phone":"254715369733"}}
{"level":"error","message":"Request failed with status code 404","meta":{"method":"POST","path":"/campaign/send","stack":"AxiosError: Request failed with status code 404\n    at settle (file:///home/jj/repo/whatsapp-outreach/node_modules/axios/lib/core/settle.js:19:12)\n    at BrotliDecompress.handleStreamEnd (file:///home/jj/repo/whatsapp-outreach/node_modules/axios/lib/adapters/http.js:793:11)\n    at BrotliDecompress.emit (node:events:518:28)\n    at endReadableNT (node:internal/streams/readable:1698:12)\n    at process.processTicksAndRejections (node:internal/process/task_queues:90:21)\n    at Axios.request (file:///home/jj/repo/whatsapp-outreach/node_modules/axios/lib/core/Axios.js:45:41)\n    at process.processTicksAndRejections (node:internal/process/task_queues:105:5)\n    at async sendHelloWorldTemplate (file:///home/jj/repo/whatsapp-outreach/src/services/whatsappService.js:49:22)\n    at async file:///home/jj/repo/whatsapp-outreach/src/controllers/campaignController.js:40:5","statusCode":500}}
{"level":"http","message":"POST /campaign/send"}
{"level":"info","message":"Campaign started","meta":{"agencyName":"MyAgency"}}
{"level":"debug","message":"Sending WhatsApp intro","meta":{"contactId":"290973b1-f221-45ec-830a-9ab738fd5c34","phone":"254715369733"}}
{"level":"http","message":"POST /webhook"}
{"level":"debug","message":"Webhook received with no message payload"}
{"level":"http","message":"POST /webhook"}
{"level":"debug","message":"Webhook received with no message payload"}
{"level":"http","message":"POST /webhook"}
{"level":"debug","message":"Webhook received with no message payload"}
{"level":"http","message":"POST /webhook"}
{"level":"http","message":"Incoming WhatsApp message","meta":{"phone":"254715369733","text":"yes"}}
{"level":"info","message":"Contact consented","meta":{"contactId":"290973b1-f221-45ec-830a-9ab738fd5c34"}}
{"level":"info","message":"Samples sent","meta":{"contactId":"290973b1-f221-45ec-830a-9ab738fd5c34"}}
{"level":"http","message":"POST /webhook"}
{"level":"debug","message":"Webhook received with no message payload"}
{"level":"http","message":"POST /webhook"}
{"level":"debug","message":"Webhook received with no message payload"}
{"level":"http","message":"POST /webhook"}
{"level":"debug","message":"Webhook received with no message payload"}
{"level":"info","message":"Campaign completed","meta":{"sent":1}}
{"level":"http","message":"POST /campaign/send"}
{"level":"info","message":"Campaign started","meta":{"agencyName":"MyAgency"}}
{"level":"debug","message":"Sending WhatsApp intro","meta":{"contactId":"8025b5f5-cc25-4ce8-aecb-991aa03f9dea","phone":"254715369733"}}
{"level":"error","message":"Request failed with status code 401","meta":{"method":"POST","path":"/campaign/send","stack":"AxiosError: Request failed with status code 401\n    at settle (file:///home/jj/repo/whatsapp-outreach/node_modules/axios/lib/core/settle.js:19:12)\n    at BrotliDecompress.handleStreamEnd (file:///home/jj/repo/whatsapp-outreach/node_modules/axios/lib/adapters/http.js:793:11)\n    at BrotliDecompress.emit (node:events:518:28)\n    at endReadableNT (node:internal/streams/readable:1698:12)\n    at process.processTicksAndRejections (node:internal/process/task_queues:90:21)\n    at Axios.request (file:///home/jj/repo/whatsapp-outreach/node_modules/axios/lib/core/Axios.js:45:41)\n    at process.processTicksAndRejections (node:internal/process/task_queues:105:5)\n    at async sendHelloWorldTemplate (file:///home/jj/repo/whatsapp-outreach/src/services/whatsappService.js:49:22)\n    at async file:///home/jj/repo/whatsapp-outreach/src/controllers/campaignController.js:40:5","statusCode":500}}
{"level":"http","message":"POST /campaign/send"}
{"level":"info","message":"Campaign started","meta":{"agencyName":"MyAgency"}}
{"level":"debug","message":"Sending WhatsApp intro","meta":{"contactId":"8025b5f5-cc25-4ce8-aecb-991aa03f9dea","phone":"254715369733"}}
{"level":"error","message":"Request failed with status code 401","meta":{"method":"POST","path":"/campaign/send","stack":"AxiosError: Request failed with status code 401\n    at settle (file:///home/jj/repo/whatsapp-outreach/node_modules/axios/lib/core/settle.js:19:12)\n    at BrotliDecompress.handleStreamEnd (file:///home/jj/repo/whatsapp-outreach/node_modules/axios/lib/adapters/http.js:793:11)\n    at BrotliDecompress.emit (node:events:518:28)\n    at endReadableNT (node:internal/streams/readable:1698:12)\n    at process.processTicksAndRejections (node:internal/process/task_queues:90:21)\n    at Axios.request (file:///home/jj/repo/whatsapp-outreach/node_modules/axios/lib/core/Axios.js:45:41)\n    at process.processTicksAndRejections (node:internal/process/task_queues:105:5)\n    at async sendHelloWorldTemplate (file:///home/jj/repo/whatsapp-outreach/src/services/whatsappService.js:49:22)\n    at async file:///home/jj/repo/whatsapp-outreach/src/controllers/campaignController.js:40:5","statusCode":500}}
{"level":"http","message":"POST /campaign/send"}
{"level":"info","message":"Campaign started","meta":{"agencyName":"MyAgency"}}
{"level":"debug","message":"Sending WhatsApp intro","meta":{"contactId":"8025b5f5-cc25-4ce8-aecb-991aa03f9dea","phone":"254715369733"}}
{"level":"http","message":"POST /webhook"}
{"level":"debug","message":"Webhook status update","meta":{"status":"sent"}}
{"level":"http","message":"POST /webhook"}
{"level":"debug","message":"Webhook status update","meta":{"status":"delivered"}}
{"level":"http","message":"POST /webhook"}
{"level":"debug","message":"Webhook status update","meta":{"status":"read"}}
{"level":"http","message":"POST /webhook"}
{"level":"http","message":"Incoming WhatsApp message","meta":{"phone":"254715369733","text":"yes"}}
{"level":"info","message":"Contact consented","meta":{"contactId":"8025b5f5-cc25-4ce8-aecb-991aa03f9dea"}}
{"level":"info","message":"Sales rep assigned","meta":{"contactId":"8025b5f5-cc25-4ce8-aecb-991aa03f9dea","repId":"330d316d-1008-4a1a-9ceb-446ef1f8d729"}}
{"level":"info","message":"Samples sent","meta":{"contactId":"8025b5f5-cc25-4ce8-aecb-991aa03f9dea"}}
{"level":"error","message":"Request failed with status code 400","meta":{"method":"POST","path":"/webhook","stack":"AxiosError: Request failed with status code 400\n    at settle (file:///home/jj/repo/whatsapp-outreach/node_modules/axios/lib/core/settle.js:19:12)\n    at BrotliDecompress.handleStreamEnd (file:///home/jj/repo/whatsapp-outreach/node_modules/axios/lib/adapters/http.js:793:11)\n    at BrotliDecompress.emit (node:events:518:28)\n    at endReadableNT (node:internal/streams/readable:1698:12)\n    at process.processTicksAndRejections (node:internal/process/task_queues:90:21)\n    at Axios.request (file:///home/jj/repo/whatsapp-outreach/node_modules/axios/lib/core/Axios.js:45:41)\n    at process.processTicksAndRejections (node:internal/process/task_queues:105:5)\n    at async file:///home/jj/repo/whatsapp-outreach/src/controllers/webhookController.js:175:9","statusCode":500}}
{"level":"http","message":"POST /webhook"}
{"level":"debug","message":"Webhook status update","meta":{"status":"sent"}}
{"level":"http","message":"POST /webhook"}
{"level":"http","message":"Incoming WhatsApp message","meta":{"phone":"254715369733","text":"yes"}}
{"level":"http","message":"POST /webhook"}
{"level":"debug","message":"Webhook status update","meta":{"status":"delivered"}}
{"level":"http","message":"POST /webhook"}
{"level":"debug","message":"Webhook status update","meta":{"status":"read"}}
{"level":"info","message":"Campaign completed","meta":{"sent":1}}
{"level":"http","message":"GET /webhook?hub.mode=subscribe&hub.challenge=567604381&hub.verify_token=0715369733"}
{"level":"info","message":"Webhook verified successfully"}
{"level":"http","message":"POST /campaign/send"}
{"level":"info","message":"Campaign started","meta":{"agencyName":"MyAgency"}}
{"level":"info","message":"No NEW contacts found"}
{"level":"error","message":"No new contacts available","meta":{"method":"POST","path":"/campaign/send","stack":"Error: No new contacts available\n    at file:///home/jj/repo/whatsapp-outreach/src/controllers/campaignController.js:28:11\n    at process.processTicksAndRejections (node:internal/process/task_queues:105:5)","statusCode":404}}
{"level":"http","message":"POST /campaign/send"}
{"level":"info","message":"Campaign started","meta":{"agencyName":"MyAgency"}}
{"level":"debug","message":"Sending WhatsApp intro","meta":{"contactId":"88008ed5-8202-4773-8995-630be24586cf","phone":"254715369733"}}
{"level":"error","message":"Request failed with status code 401","meta":{"method":"POST","path":"/campaign/send","stack":"AxiosError: Request failed with status code 401\n    at settle (file:///home/jj/repo/whatsapp-outreach/node_modules/axios/lib/core/settle.js:19:12)\n    at BrotliDecompress.handleStreamEnd (file:///home/jj/repo/whatsapp-outreach/node_modules/axios/lib/adapters/http.js:793:11)\n    at BrotliDecompress.emit (node:events:518:28)\n    at endReadableNT (node:internal/streams/readable:1698:12)\n    at process.processTicksAndRejections (node:internal/process/task_queues:90:21)\n    at Axios.request (file:///home/jj/repo/whatsapp-outreach/node_modules/axios/lib/core/Axios.js:45:41)\n    at process.processTicksAndRejections (node:internal/process/task_queues:105:5)\n    at async file:///home/jj/repo/whatsapp-outreach/src/controllers/campaignController.js:42:5","statusCode":500}}
{"level":"http","message":"POST /campaign/send"}
{"level":"info","message":"Campaign started","meta":{"agencyName":"MyAgency"}}
{"level":"debug","message":"Sending WhatsApp intro","meta":{"contactId":"88008ed5-8202-4773-8995-630be24586cf","phone":"254715369733"}}
{"level":"error","message":"Request failed with status code 400","meta":{"method":"POST","path":"/campaign/send","stack":"AxiosError: Request failed with status code 400\n    at settle (file:///home/jj/repo/whatsapp-outreach/node_modules/axios/lib/core/settle.js:19:12)\n    at BrotliDecompress.handleStreamEnd (file:///home/jj/repo/whatsapp-outreach/node_modules/axios/lib/adapters/http.js:793:11)\n    at BrotliDecompress.emit (node:events:518:28)\n    at endReadableNT (node:internal/streams/readable:1698:12)\n    at process.processTicksAndRejections (node:internal/process/task_queues:90:21)\n    at Axios.request (file:///home/jj/repo/whatsapp-outreach/node_modules/axios/lib/core/Axios.js:45:41)\n    at process.processTicksAndRejections (node:internal/process/task_queues:105:5)\n    at async file:///home/jj/repo/whatsapp-outreach/src/controllers/campaignController.js:42:5","statusCode":500}}
{"level":"http","message":"POST /campaign/send"}
{"level":"info","message":"Campaign started","meta":{"agencyName":"MyAgency"}}
{"level":"debug","message":"Sending WhatsApp intro","meta":{"contactId":"88008ed5-8202-4773-8995-630be24586cf","phone":"254715369733"}}
{"level":"error","message":"Request failed with status code 400","meta":{"method":"POST","path":"/campaign/send","stack":"AxiosError: Request failed with status code 400\n    at settle (file:///home/jj/repo/whatsapp-outreach/node_modules/axios/lib/core/settle.js:19:12)\n    at BrotliDecompress.handleStreamEnd (file:///home/jj/repo/whatsapp-outreach/node_modules/axios/lib/adapters/http.js:793:11)\n    at BrotliDecompress.emit (node:events:518:28)\n    at endReadableNT (node:internal/streams/readable:1698:12)\n    at process.processTicksAndRejections (node:internal/process/task_queues:90:21)\n    at Axios.request (file:///home/jj/repo/whatsapp-outreach/node_modules/axios/lib/core/Axios.js:45:41)\n    at process.processTicksAndRejections (node:internal/process/task_queues:105:5)\n    at async sendIntroTemplate (file:///home/jj/repo/whatsapp-outreach/src/services/whatsappService.js:12:22)\n    at async file:///home/jj/repo/whatsapp-outreach/src/controllers/campaignController.js:42:5","statusCode":500}}
{"level":"http","message":"POST /campaign/send"}
{"level":"info","message":"Campaign started","meta":{"agencyName":"MyAgency"}}
{"level":"debug","message":"Sending WhatsApp intro","meta":{"contactId":"88008ed5-8202-4773-8995-630be24586cf","phone":"254715369733"}}
{"level":"error","message":"Error","meta":{"method":"POST","path":"/campaign/send","stack":"AggregateError: Error\n    at AxiosError.from (file:///home/jj/repo/whatsapp-outreach/node_modules/axios/lib/core/AxiosError.js:96:14)\n    at RedirectableRequest.handleRequestError (file:///home/jj/repo/whatsapp-outreach/node_modules/axios/lib/adapters/http.js:817:25)\n    at RedirectableRequest.emit (node:events:518:28)\n    at eventHandlers.<computed> (/home/jj/repo/whatsapp-outreach/node_modules/follow-redirects/index.js:49:24)\n    at ClientRequest.emit (node:events:518:28)\n    at emitErrorEvent (node:_http_client:104:11)\n    at TLSSocket.socketErrorListener (node:_http_client:518:5)\n    at TLSSocket.emit (node:events:518:28)\n    at emitErrorNT (node:internal/streams/destroy:170:8)\n    at emitErrorCloseNT (node:internal/streams/destroy:129:3)\n    at Axios.request (file:///home/jj/repo/whatsapp-outreach/node_modules/axios/lib/core/Axios.js:45:41)\n    at process.processTicksAndRejections (node:internal/process/task_queues:105:5)\n    at async sendIntroTemplate (file:///home/jj/repo/whatsapp-outreach/src/services/whatsappService.js:12:22)\n    at async file:///home/jj/repo/whatsapp-outreach/src/controllers/campaignController.js:46:5","statusCode":500}}
{"level":"http","message":"POST /campaign/send"}
{"level":"info","message":"Campaign started","meta":{"agencyName":"MyAgency"}}
{"level":"debug","message":"Sending WhatsApp intro","meta":{"contactId":"88008ed5-8202-4773-8995-630be24586cf","phone":"254715369733"}}
{"level":"http","message":"POST /webhook"}
{"level":"debug","message":"Webhook status update","meta":{"status":"sent"}}
{"level":"http","message":"POST /webhook"}
{"level":"debug","message":"Webhook status update","meta":{"status":"delivered"}}
{"level":"http","message":"POST /webhook"}
{"level":"debug","message":"Webhook status update","meta":{"status":"read"}}
{"level":"info","message":"Campaign completed","meta":{"sent":1}}
{"level":"http","message":"POST /webhook"}
{"level":"http","message":"Incoming WhatsApp message","meta":{"phone":"254715369733","text":"yes"}}
{"level":"info","message":"Contact consented","meta":{"contactId":"88008ed5-8202-4773-8995-630be24586cf"}}
{"level":"info","message":"Sales rep assigned","meta":{"contactId":"88008ed5-8202-4773-8995-630be24586cf","repId":"c4087b92-1c93-4043-9737-7bd660f305dc"}}
{"level":"error","message":"Error","meta":{"method":"POST","path":"/webhook","stack":"AggregateError: Error\n    at AxiosError.from (file:///home/jj/repo/whatsapp-outreach/node_modules/axios/lib/core/AxiosError.js:96:14)\n    at RedirectableRequest.handleRequestError (file:///home/jj/repo/whatsapp-outreach/node_modules/axios/lib/adapters/http.js:817:25)\n    at RedirectableRequest.emit (node:events:518:28)\n    at eventHandlers.<computed> (/home/jj/repo/whatsapp-outreach/node_modules/follow-redirects/index.js:49:24)\n    at ClientRequest.emit (node:events:518:28)\n    at emitErrorEvent (node:_http_client:104:11)\n    at TLSSocket.socketErrorListener (node:_http_client:518:5)\n    at TLSSocket.emit (node:events:518:28)\n    at emitErrorNT (node:internal/streams/destroy:170:8)\n    at emitErrorCloseNT (node:internal/streams/destroy:129:3)\n    at Axios.request (file:///home/jj/repo/whatsapp-outreach/node_modules/axios/lib/core/Axios.js:45:41)\n    at process.processTicksAndRejections (node:internal/process/task_queues:105:5)\n    at async file:///home/jj/repo/whatsapp-outreach/src/controllers/webhookController.js:159:7","statusCode":500}}
{"level":"http","message":"POST /webhook"}
{"level":"http","message":"Incoming WhatsApp message","meta":{"phone":"254715369733","text":"yes"}}
{"level":"http","message":"POST /campaign/send"}
{"level":"info","message":"Campaign started","meta":{"agencyName":"Juno Agency"}}
{"level":"info","message":"No NEW contacts found"}
{"level":"error","message":"No new contacts available","meta":{"method":"POST","path":"/campaign/send","stack":"Error: No new contacts available\n    at file:///home/jj/repo/whatsapp-outreach/src/controllers/campaignController.js:28:11\n    at process.processTicksAndRejections (node:internal/process/task_queues:105:5)","statusCode":404}}
{"level":"http","message":"POST /campaign/send"}
{"level":"info","message":"Campaign started","meta":{"agencyName":"Juno Agency"}}
{"level":"debug","message":"Sending WhatsApp intro","meta":{"contactId":"89747973-ed8f-4516-a1a6-899635eacb84","phone":"254715369733"}}
{"level":"error","message":"Request failed with status code 400","meta":{"method":"POST","path":"/campaign/send","stack":"AxiosError: Request failed with status code 400\n    at settle (file:///home/jj/repo/whatsapp-outreach/node_modules/axios/lib/core/settle.js:19:12)\n    at IncomingMessage.handleStreamEnd (file:///home/jj/repo/whatsapp-outreach/node_modules/axios/lib/adapters/http.js:793:11)\n    at IncomingMessage.emit (node:events:530:35)\n    at endReadableNT (node:internal/streams/readable:1698:12)\n    at process.processTicksAndRejections (node:internal/process/task_queues:90:21)\n    at Axios.request (file:///home/jj/repo/whatsapp-outreach/node_modules/axios/lib/core/Axios.js:45:41)\n    at process.processTicksAndRejections (node:internal/process/task_queues:105:5)\n    at async sendIntroTemplate (file:///home/jj/repo/whatsapp-outreach/src/services/whatsappService.js:12:22)\n    at async file:///home/jj/repo/whatsapp-outreach/src/controllers/campaignController.js:46:5","statusCode":500}}
{"level":"http","message":"POST /campaign/send"}
{"level":"info","message":"Campaign started","meta":{"agencyName":"Juno Agency"}}
{"level":"debug","message":"Sending WhatsApp intro","meta":{"contactId":"89747973-ed8f-4516-a1a6-899635eacb84","phone":"254715369733"}}
{"level":"http","message":"POST /webhook"}
{"level":"debug","message":"Webhook status update","meta":{"status":"sent"}}
{"level":"http","message":"POST /webhook"}
{"level":"debug","message":"Webhook status update","meta":{"status":"delivered"}}
{"level":"http","message":"POST /webhook"}
{"level":"debug","message":"Webhook status update","meta":{"status":"delivered"}}
{"level":"http","message":"POST /webhook"}
{"level":"debug","message":"Webhook status update","meta":{"status":"read"}}
{"level":"http","message":"POST /webhook"}
{"level":"http","message":"Incoming WhatsApp message","meta":{"phone":"254715369733","text":"yes"}}
{"level":"info","message":"Contact consented","meta":{"contactId":"89747973-ed8f-4516-a1a6-899635eacb84"}}
{"level":"info","message":"Sales rep assigned","meta":{"contactId":"89747973-ed8f-4516-a1a6-899635eacb84","repId":"a8fef58f-3e56-42ee-977e-63e8d165413d"}}
{"level":"info","message":"Samples sent","meta":{"contactId":"89747973-ed8f-4516-a1a6-899635eacb84"}}
{"level":"http","message":"POST /webhook"}
{"level":"debug","message":"Webhook status update","meta":{"status":"sent"}}
{"level":"http","message":"POST /webhook"}
{"level":"debug","message":"Webhook status update","meta":{"status":"read"}}
{"level":"http","message":"POST /webhook"}
{"level":"debug","message":"Webhook status update","meta":{"status":"delivered"}}
{"level":"info","message":"Campaign completed","meta":{"sent":1}}
{"level":"http","message":"POST /campaign/send"}
{"level":"info","message":"Campaign started","meta":{"agencyName":"Juno Agency"}}
{"level":"info","message":"No NEW contacts found"}
{"level":"error","message":"No new contacts available","meta":{"method":"POST","path":"/campaign/send","stack":"Error: No new contacts available\n    at file:///home/jj/repo/whatsapp-outreach/src/controllers/campaignController.js:28:11\n    at process.processTicksAndRejections (node:internal/process/task_queues:105:5)","statusCode":404}}
{"level":"http","message":"POST /campaign/send"}
{"level":"info","message":"Campaign started","meta":{"agencyName":"Juno Agency"}}
{"level":"debug","message":"Sending WhatsApp intro","meta":{"contactId":"2971f73e-fca7-40e7-a50e-ab14fe35e4b5","phone":"254715369733"}}
{"level":"http","message":"POST /webhook"}
{"level":"debug","message":"Webhook status update","meta":{"status":"sent"}}
{"level":"http","message":"POST /webhook"}
{"level":"debug","message":"Webhook status update","meta":{"status":"delivered"}}
{"level":"http","message":"POST /webhook"}
{"level":"debug","message":"Webhook status update","meta":{"status":"read"}}
{"level":"info","message":"Campaign completed","meta":{"sent":1}}
{"level":"http","message":"POST /webhook"}
{"level":"http","message":"Incoming WhatsApp message","meta":{"phone":"254715369733","text":"yes"}}
{"level":"info","message":"Contact consented","meta":{"contactId":"2971f73e-fca7-40e7-a50e-ab14fe35e4b5"}}
{"level":"info","message":"Sales rep assigned","meta":{"contactId":"2971f73e-fca7-40e7-a50e-ab14fe35e4b5","repId":"8282b4e2-5015-4136-8fc8-c5171cd19579"}}
{"level":"info","message":"Samples sent","meta":{"contactId":"2971f73e-fca7-40e7-a50e-ab14fe35e4b5"}}
{"level":"info","message":"Samples sent","meta":{"contactId":"2971f73e-fca7-40e7-a50e-ab14fe35e4b5"}}
{"level":"http","message":"POST /webhook"}
{"level":"debug","message":"Webhook status update","meta":{"status":"sent"}}
{"level":"http","message":"POST /webhook"}
{"level":"debug","message":"Webhook status update","meta":{"status":"read"}}
{"level":"http","message":"POST /webhook"}
{"level":"debug","message":"Webhook status update","meta":{"status":"delivered"}}
{"level":"http","message":"POST /webhook"}
{"level":"debug","message":"Webhook status update","meta":{"status":"read"}}
{"level":"http","message":"POST /webhook"}
{"level":"debug","message":"Webhook status update","meta":{"status":"read"}}
{"level":"http","message":"POST /webhook"}
{"level":"debug","message":"Webhook status update","meta":{"status":"read"}}
{"level":"http","message":"POST /webhook"}
{"level":"debug","message":"Webhook status update","meta":{"status":"read"}}
{"level":"http","message":"POST /webhook"}
{"level":"debug","message":"Webhook status update","meta":{"status":"read"}}
{"level":"http","message":"POST /webhook"}
{"level":"debug","message":"Webhook status update","meta":{"status":"read"}}
{"level":"http","message":"POST /campaign/send"}
{"level":"info","message":"Campaign started","meta":{"agencyName":"Juno Agency"}}
{"level":"debug","message":"Sending WhatsApp intro","meta":{"contactId":"624097ac-eb2d-497e-8c33-c7adfad10f42","phone":"254705666724"}}
{"level":"error","message":"Request failed with status code 401","meta":{"method":"POST","path":"/campaign/send","stack":"AxiosError: Request failed with status code 401\n    at settle (file:///home/jj/repo/whatsapp-outreach/node_modules/axios/lib/core/settle.js:19:12)\n    at BrotliDecompress.handleStreamEnd (file:///home/jj/repo/whatsapp-outreach/node_modules/axios/lib/adapters/http.js:793:11)\n    at BrotliDecompress.emit (node:events:518:28)\n    at endReadableNT (node:internal/streams/readable:1698:12)\n    at process.processTicksAndRejections (node:internal/process/task_queues:90:21)\n    at Axios.request (file:///home/jj/repo/whatsapp-outreach/node_modules/axios/lib/core/Axios.js:45:41)\n    at process.processTicksAndRejections (node:internal/process/task_queues:105:5)\n    at async sendIntroTemplate (file:///home/jj/repo/whatsapp-outreach/src/services/whatsappService.js:12:22)\n    at async file:///home/jj/repo/whatsapp-outreach/src/controllers/campaignController.js:46:5","statusCode":500}}
{"level":"http","message":"POST /campaign/send"}
{"level":"info","message":"Campaign started","meta":{"agencyName":"Juno Agency"}}
{"level":"debug","message":"Sending WhatsApp intro","meta":{"contactId":"624097ac-eb2d-497e-8c33-c7adfad10f42","phone":"254705666724"}}
{"level":"error","message":"Request failed with status code 400","meta":{"method":"POST","path":"/campaign/send","stack":"AxiosError: Request failed with status code 400\n    at settle (file:///home/jj/repo/whatsapp-outreach/node_modules/axios/lib/core/settle.js:19:12)\n    at BrotliDecompress.handleStreamEnd (file:///home/jj/repo/whatsapp-outreach/node_modules/axios/lib/adapters/http.js:793:11)\n    at BrotliDecompress.emit (node:events:518:28)\n    at endReadableNT (node:internal/streams/readable:1698:12)\n    at process.processTicksAndRejections (node:internal/process/task_queues:90:21)\n    at Axios.request (file:///home/jj/repo/whatsapp-outreach/node_modules/axios/lib/core/Axios.js:45:41)\n    at process.processTicksAndRejections (node:internal/process/task_queues:105:5)\n    at async sendIntroTemplate (file:///home/jj/repo/whatsapp-outreach/src/services/whatsappService.js:12:22)\n    at async file:///home/jj/repo/whatsapp-outreach/src/controllers/campaignController.js:46:5","statusCode":500}}
{"level":"http","message":"POST /campaign/send"}
{"level":"info","message":"Campaign started","meta":{"agencyName":"Juno Agency"}}
{"level":"debug","message":"Sending WhatsApp intro","meta":{"contactId":"624097ac-eb2d-497e-8c33-c7adfad10f42","phone":"254705666724"}}
{"level":"http","message":"POST /webhook"}
{"level":"debug","message":"Webhook status update","meta":{"status":"sent"}}
{"level":"http","message":"POST /webhook"}
{"level":"debug","message":"Webhook status update","meta":{"status":"delivered"}}
{"level":"info","message":"Campaign completed","meta":{"sent":1}}
{"level":"http","message":"POST /webhook"}
{"level":"http","message":"Incoming WhatsApp message","meta":{"phone":"254705666724","text":"yes"}}
{"level":"info","message":"Contact consented","meta":{"contactId":"624097ac-eb2d-497e-8c33-c7adfad10f42"}}
{"level":"info","message":"Sales rep assigned","meta":{"contactId":"624097ac-eb2d-497e-8c33-c7adfad10f42","repId":"8282b4e2-5015-4136-8fc8-c5171cd19579"}}
{"level":"info","message":"Samples sent","meta":{"contactId":"624097ac-eb2d-497e-8c33-c7adfad10f42"}}
{"level":"info","message":"Samples sent","meta":{"contactId":"624097ac-eb2d-497e-8c33-c7adfad10f42"}}
{"level":"http","message":"POST /webhook"}
{"level":"debug","message":"Webhook status update","meta":{"status":"sent"}}
{"level":"http","message":"POST /webhook"}
{"level":"debug","message":"Webhook status update","meta":{"status":"delivered"}}
